../Core/Src/main.c:107:5:__io_putchar	16	static
../Core/Src/main.c:116:6:HAL_ADC_ConvCpltCallback	16	static
../Core/Src/main.c:125:5:main	8	static
../Core/Src/main.c:225:6:SystemClock_Config	96	static
../Core/Src/main.c:285:6:PeriphCommonClock_Config	144	static
../Core/Src/main.c:311:13:MX_ADC1_Init	48	static
../Core/Src/main.c:378:13:MX_DFSDM1_Init	8	static
../Core/Src/main.c:416:13:MX_I2C2_Init	8	static
../Core/Src/main.c:464:13:MX_QUADSPI_Init	8	static
../Core/Src/main.c:497:13:MX_SPI3_Init	8	static
../Core/Src/main.c:537:13:MX_TIM1_Init	40	static
../Core/Src/main.c:584:13:MX_USART1_UART_Init	8	static
../Core/Src/main.c:619:13:MX_USART3_UART_Init	8	static
../Core/Src/main.c:654:13:MX_USB_OTG_FS_PCD_Init	8	static
../Core/Src/main.c:689:13:MX_GPIO_Init	48	static
../Core/Src/main.c:866:6:StartDefaultTask	16	static
../Core/Src/main.c:884:6:StartTask02	16	static
../Core/Src/main.c:906:6:Error_Handler	4	static,ignoring_inline_asm
